╭ 1 Folders ─────────────────────╮╭ 3 Root · by title ───────────────╮╭ 4 Snippet ─────────────────────────────────────╮
│◆ Root                         2││Graceful HTTP shutdown          Go││Graceful HTTP shutdown                          │
│  docker                       3││Prune everything              Bash││Root · Go                                       │
│▾ go                           2││                                  ││created 2026-09-06 · updated 2026-09-27         │
│    testing╭ Search · 2 results ────────────────╮╭ Preview ───────────────────────────────────────────────╮           │
│           │/                                   ││Graceful HTTP shutdown                                  │───────────│
│           │                                    ││Root · Go                                               │error {    │
│           │Graceful HTTP shutdown          Root││created 2026-09-06 · updated 2026-09-27                 │           │
│           │Prune everything                Root││Stop accepting, drain, exit                             │           │
│           │                                    ││────────────────────────────────────────────────────────│           │
│           │                                    ││   1 │ func run(ctx context.Context) error {            │           │
│           │                                    ││   2 │     return srv.Shutdown(ctx)                     │           │
│           │                                    ││   3 │ }                                                │           │
│           │                                    ││                                                        │           │
│           │                                    ││                                                        │           │
│           │                                    ││                                                        │           │
│           │                                    ││                                                        │           │
│           │                                    ││                                                        │           │
│           │                                    ││                                                        │           │
│           │                                    ││                                                        │           │
│           │                                    ││                                                        │           │
│           │                                    ││                                                        │           │
│           │                                    ││                                                        │           │
│           │                                    ││                                                        │           │
│           │                                    ││                                                        │           │
╰───────────│                                    ││                                                        │           │
╭ 2 Tags ───│                                    ││                                                        │           │
│No Tags yet│                                    ││                                                        │           │
│           │                                    ││                                                        │           │
│           │                                    ││                                                        │           │
│           │                                    ││                                                        │           │
│           │                                    ││                                                        │           │
│           │                                    ││                                                        │           │
│           │                                    ││                                                        │           │
│           │                                    ││                                                        │           │
│           ╰────────────────────────────────────╯╰────────────────────────────────────────────────────────╯           │
│                                ││                                  ││                                                │
│                                ││                                  ││                                                │
╰────────────────────────────────╯╰──────────────────────────────────╯╰────────────────────────────────────────────────╯
                                                                      down move · enter reveal · ctrl+y Copy · esc close