╭ 1 Folders ─────────────────────╮╭ 3 Root · by title ───────────────╮╭ 4 Snippet ─────────────────────────────────────╮
│◆ Root                         2││Graceful HTTP shutdown          Go││Graceful HTTP shutdown                          │
│  doc╭ Editing • ───────────────────────────────────────────────────────────────────────────────────────────────╮     │
│▾ go │› Title       Prune everything                                                                            │     │
│    t│  Description                                                                                             │     │
│     │  Tags           (enter or ctrl+t to edit)                                                                │─────│
│     │  Language    plaintext   (enter or ctrl+l to pick)                                                       │{    │
│     │  Content     enter or down to edit                                                                       │     │
│     │ 1                                                                                                        │     │
│     │                                                                                                          │     │
│     │                                                                                                          │     │
│     │                                                                                                          │     │
│     │                                                                                                          │     │
│     │                                                                                                          │     │
│     │                                                                                                          │     │
│     │                                                                                                          │     │
│     │                                                                                                          │     │
│     │                                                                                                          │     │
│     │                                                                                                          │     │
│     │                                                                                                          │     │
│     │                                                                                                          │     │
│     │                                                                                                          │     │
│     │                                                                                                          │     │
│     │                                                                                                          │     │
│     │                                                                                                          │     │
╰─────│                                                                                                          │     │
╭ 2 Ta│                                                                                                          │     │
│# doc│                                                                                                          │     │
│# go │                                                                                                          │     │
│     │                                                                                                          │     │
│     │                                                                                                          │     │
│     │                                                                                                          │     │
│     │                                                                                                          │     │
│     │                                                                                                          │     │
│     │                                                                                                          │     │
│     │                                                                                                          │     │
│     │                                                                                                          │     │
│     ╰──────────────────────────────────────────────────────────────────────────────────────────────────────────╯     │
╰────────────────────────────────╯╰──────────────────────────────────╯╰────────────────────────────────────────────────╯
                          ctrl+s save · esc cancel · down field · ctrl+t Tags · ctrl+l Language · ctrl+e external editor