╭ 1 Folders ─────────────────────╮╭ 3 Root · by title ───────────────╮╭ 4 Snippet ─────────────────────────────────────╮
│◆ Root                         2││Graceful HTTP shutdown          Go││Graceful HTTP shutdown                          │
│  doc╭ Editing • ───────────────────────────────────────────────────────────────────────────────────────────────╮     │
│▾ go │› Title       Prune everything                                                                            │     │
│    t│  Description                                                                                             │     │
│     │  Content     enter or down to edit                                                                       │─────│
│     │ 1                                                                                                        │{    │
│     │                                                                                                          │     │
│     │                                                                                                          │     │
│     │                                                                                                          │     │
│     │                                                                                                          │     │
│     │                                                                                                          │     │
│     │                                                                                                          │     │
│     │                                                                                                          │     │
│     │                                                                                                          │     │
│     │                                                                                                          │     │
│     │                                                                                                          │     │
│     │                                                                                                          │     │
│     │                                                                                                          │     │
│     │                                                                                                          │     │
│     │                                                                                                          │     │
│     │                                                                                                          │     │
│     │                                                                                                          │     │
│     │                                                                                                          │     │
│     │                                                                                                          │     │
╰─────│                                                                                                          │     │
╭ 2 Ta│                                                                                                          │     │
│# doc│                                                                                                          │     │
│# go │                                                                                                          │     │
│     │                                                                                                          │     │
│     │                                                                                                          │     │
│     │                                                                                                          │     │
│     │                                                                                                          │     │
│     │                                                                                                          │     │
│     │                                                                                                          │     │
│     │                                                                                                          │     │
│     │                                                                                                          │     │
│     ╰──────────────────────────────────────────────────────────────────────────────────────────────────────────╯     │
╰────────────────────────────────╯╰──────────────────────────────────╯╰────────────────────────────────────────────────╯
                                                                                   ctrl+s save · esc cancel · down field