╭ 1 Folders ─────────╮╭ 3 Root · by title ───────────╮╭ 4 Snippet ─────────────────────────────────────────────────────╮
│◆ Root             2││Find large files          Bash││Find large files                                                │
│  docker           3││                              ││Root · Bash · #oneliner #shell                                  │
│▾ go               2││                              ││created 2026-09-06 · updated 2026-09-06                         │
│    testing        1││                              ││────────────────────────────────────────────────────────────────│
│                    ││                              ││   1 │ find . -type f -size +100M -not -path './.git/*' -exec ls│
│                    ││                              ││   ↪ │  -lh {} + | sort -k5 -h                                  │
│                    ││                              ││   2 │ echo done                                                │
│                    ││                              ││                                                                │
│                    ││                              ││                                                                │
│                    ││                              ││                                                                │
│                    ││                              ││                                                                │
│                    ││                              ││                                                                │
│                    ││                              ││                                                                │
│                    ││                              ││                                                                │
│                    ││                              ││                                                                │
│                    ││                              ││                                                                │
│                    ││                              ││                                                                │
│                    ││                              ││                                                                │
│                    ││                              ││                                                                │
│                    ││                              ││                                                                │
│                    ││                              ││                                                                │
│                    ││                              ││                                                                │
│                    ││                              ││                                                                │
│                    ││                              ││                                                                │
╰────────────────────╯│                              ││                                                                │
╭ 2 Tags ────────────╮│                              ││                                                                │
│# docker           3││                              ││                                                                │
│# go               4││                              ││                                                                │
│                    ││                              ││                                                                │
│                    ││                              ││                                                                │
│                    ││                              ││                                                                │
│                    ││                              ││                                                                │
│                    ││                              ││                                                                │
│                    ││                              ││                                                                │
│                    ││                              ││                                                                │
│                    ││                              ││                                                                │
│                    ││                              ││                                                                │
╰────────────────────╯╰──────────────────────────────╯╰────────────────────────────────────────────────────────────────╯
                                                                   y Copy · e edit · w wrap · z zoom · / search · ? help