╭ 1 Folders ─────────────────────╮╭ 3 Root · by title ───────────────╮╭ 4 Snippet ─────────────────────────────────────╮
│◆ Root                         0││No Snippets here.                 ││No Snippets here.                               │
│                                ││                                  ││                                                │
│                                ││n  new Snippet                    ││n  new Snippet                                  │
│                                ││p  Capture                        ││p  Capture                                      │
│                                ││/  Search                         ││/  Search                                       │
│                                ││N  new Folder                     ││N  new Folder                                   │
│                                ││?  help                           ││?  help                                         │
│                                ││                                  ││                                                │
│                                ││                                  ││                                                │
│                                ││                                  ││                                                │
│                                ││                                  ││                                                │
│                                ││                                  ││                                                │
│                                ││                                  ││                                                │
│                                ││                                  ││                                                │
│                                ││                                  ││                                                │
│                                ││                                  ││                                                │
│                                ││                                  ││                                                │
│                                ││                                  ││                                                │
│                                ││                                  ││                                                │
│                                ││                                  ││                                                │
│                                ││                                  ││                                                │
│                                ││                                  ││                                                │
│                                ││                                  ││                                                │
│                                ││                                  ││                                                │
╰────────────────────────────────╯│                                  ││                                                │
╭ 2 Tags ────────────────────────╮│                                  ││                                                │
│No Tags yet.                    ││                                  ││                                                │
│                                ││                                  ││                                                │
│                                ││                                  ││                                                │
│                                ││                                  ││                                                │
│                                ││                                  ││                                                │
│                                ││                                  ││                                                │
│                                ││                                  ││                                                │
│                                ││                                  ││                                                │
│                                ││                                  ││                                                │
│                                ││                                  ││                                                │
│                                ││                                  ││                                                │
╰────────────────────────────────╯╰──────────────────────────────────╯╰────────────────────────────────────────────────╯
                                                                enter open · N new Folder · r rename · d delete · z zoom