╭ 1 Folders ─────────────────────╮╭ 3 Root · by title ───────────────╮╭ 4 Snippet ─────────────────────────────────────╮
│◆ Root                         2││Graceful HTTP shutdown          Go││Graceful HTTP shutdown                          │
│  doc╭ Editing ─────────────────────────────────────────────────────────────────────────────────────────────────╮     │
│▾ go │› Title                                                                                                   │     │
│    t│  Description                                                                                             │     │
│     │  Tags           (enter or ctrl+t to edit)                                                                │─────│
│     │  Language    plaintext   (enter or ctrl+l to pick)                                                       │{    │
│     │  Content     enter or down to edit                                                                       │     │
│     │ 1               ╭──────────────────────────────────────────────────────────────────────╮                 │     │
│     │                 │Tags  docker                                                          │                 │     │
│     │                 │filter or new Tag: o                                                  │                 │     │
│     │                 │                                                                      │                 │     │
│     │                 │✓ docker                                                             3│                 │     │
│     │                 │  go                                                                 4│                 │     │
│     │                 │+ create "o"                                                       new│                 │     │
│     │                 │                                                                      │                 │     │
│     │                 │                                                                      │                 │     │
│     │                 │                                                                      │                 │     │
│     │                 │                                                                      │                 │     │
│     │                 │                                                                      │                 │     │
│     │                 │                                                                      │                 │     │
│     │                 │                                                                      │                 │     │
│     │                 │                                                                      │                 │     │
│     │                 │                                                                      │                 │     │
│     │                 │                                                                      │                 │     │
╰─────│                 │                                                                      │                 │     │
╭ 2 Ta│                 │                                                                      │                 │     │
│# doc│                 │                                                                      │                 │     │
│# go │                 │                                                                      │                 │     │
│     │                 │                                                                      │                 │     │
│     │                 │                                                                      │                 │     │
│     │                 ╰──────────────────────────────────────────────────────────────────────╯                 │     │
│     │                                                                                                          │     │
│     │                                                                                                          │     │
│     │                                                                                                          │     │
│     │                                                                                                          │     │
│     │                                                                                                          │     │
│     ╰──────────────────────────────────────────────────────────────────────────────────────────────────────────╯     │
╰────────────────────────────────╯╰──────────────────────────────────╯╰────────────────────────────────────────────────╯
                                                                           down move · enter toggle / create · esc close